[debug] [2026-08-04T19:42:34.281Z] ----------------------------------------------------------------------
[debug] [2026-08-04T19:42:34.283Z] Command:       /usr/local/bin/node /Users/thamer/.npm-global/bin/firebase deploy --only firestore:rules
[debug] [2026-08-04T19:42:34.284Z] CLI Version:   15.22.0
[debug] [2026-08-04T19:42:34.284Z] Platform:      darwin
[debug] [2026-08-04T19:42:34.284Z] Node Version:  v24.13.0
[debug] [2026-08-04T19:42:34.284Z] Detected Agent: unknown
[debug] [2026-08-04T19:42:34.284Z] Time:          Tue Aug 04 2026 15:42:34 GMT-0400 (Eastern Daylight Time)
[debug] [2026-08-04T19:42:34.284Z] ----------------------------------------------------------------------
[debug] 
[debug] [2026-08-04T19:42:35.192Z] > command requires scopes: ["email","openid","https://www.googleapis.com/auth/cloudplatformprojects.readonly","https://www.googleapis.com/auth/firebase","https://www.googleapis.com/auth/cloud-platform"]
[debug] [2026-08-04T19:42:35.192Z] > authorizing via signed-in user (ryadh1409@gmail.com)
[debug] [2026-08-04T19:42:35.192Z] [iam] checking project halforfer for permissions ["datastore.indexes.create","datastore.indexes.delete","datastore.indexes.list","datastore.indexes.update","firebase.projects.get"]
[debug] [2026-08-04T19:42:35.192Z] Checked if tokens are valid: true, expires at: 1785875925219
[debug] [2026-08-04T19:42:35.193Z] Checked if tokens are valid: true, expires at: 1785875925219
[debug] [2026-08-04T19:42:35.193Z] >>> [apiv2][query] POST https://cloudresourcemanager.googleapis.com/v1/projects/halforfer:testIamPermissions [none]
[debug] [2026-08-04T19:42:35.193Z] >>> [apiv2][(partial)header] POST https://cloudresourcemanager.googleapis.com/v1/projects/halforfer:testIamPermissions  x-goog-user-project=halforfer
[debug] [2026-08-04T19:42:35.193Z] >>> [apiv2][body] POST https://cloudresourcemanager.googleapis.com/v1/projects/halforfer:testIamPermissions {"permissions":["datastore.indexes.create","datastore.indexes.delete","datastore.indexes.list","datastore.indexes.update","firebase.projects.get"]}
[debug] [2026-08-04T19:42:35.380Z] <<< [apiv2][status] POST https://cloudresourcemanager.googleapis.com/v1/projects/halforfer:testIamPermissions 200
[debug] [2026-08-04T19:42:35.381Z] <<< [apiv2][body] POST https://cloudresourcemanager.googleapis.com/v1/projects/halforfer:testIamPermissions {"permissions":["datastore.indexes.create","datastore.indexes.delete","datastore.indexes.list","datastore.indexes.update","firebase.projects.get"]}
[info] 
[info] === Deploying to 'halforfer'...
[info] 
[info] i  deploying firestore 
[info] i  firestore: ensuring required API firestore.googleapis.com is enabled... 
[info] i  firestore: ensuring required API firestore.googleapis.com is enabled... 
[debug] [2026-08-04T19:42:35.382Z] Checked if tokens are valid: true, expires at: 1785875925219
[debug] [2026-08-04T19:42:35.382Z] Checked if tokens are valid: true, expires at: 1785875925219
[debug] [2026-08-04T19:42:35.383Z] >>> [apiv2][query] GET https://firestore.googleapis.com/v1/projects/halforfer/databases/(default) [none]
[debug] [2026-08-04T19:42:35.737Z] <<< [apiv2][status] GET https://firestore.googleapis.com/v1/projects/halforfer/databases/(default) 200
[debug] [2026-08-04T19:42:35.737Z] <<< [apiv2][body] GET https://firestore.googleapis.com/v1/projects/halforfer/databases/(default) {"name":"projects/halforfer/databases/(default)","uid":"bb90802f-5a56-41c0-ac05-2a2d3632bd14","createTime":"2026-01-22T23:40:14.181069Z","updateTime":"2026-01-22T23:40:14.181069Z","locationId":"nam5","type":"FIRESTORE_NATIVE","concurrencyMode":"PESSIMISTIC","versionRetentionPeriod":"3600s","earliestVersionTime":"2026-08-04T18:42:35.725876Z","appEngineIntegrationMode":"DISABLED","keyPrefix":"s","pointInTimeRecoveryEnablement":"POINT_IN_TIME_RECOVERY_DISABLED","deleteProtectionState":"DELETE_PROTECTION_DISABLED","databaseEdition":"STANDARD","freeTier":true,"realtimeUpdatesMode":"REALTIME_UPDATES_MODE_ENABLED","etag":"IPSjsdrdh5YDMJXp08Gw5pID"}
[info] i  firestore: reading indexes from firestore.indexes.json... 
[info] i  cloud.firestore: checking firestore.rules for compilation errors... 
[debug] [2026-08-04T19:42:35.740Z] Checked if tokens are valid: true, expires at: 1785875925219
[debug] [2026-08-04T19:42:35.740Z] Checked if tokens are valid: true, expires at: 1785875925219
[debug] [2026-08-04T19:42:35.740Z] >>> [apiv2][query] POST https://firebaserules.googleapis.com/v1/projects/halforfer:test [none]
[debug] [2026-08-04T19:42:35.740Z] >>> [apiv2][body] POST https://firebaserules.googleapis.com/v1/projects/halforfer:test [omitted]
[debug] [2026-08-04T19:42:41.054Z] <<< [apiv2][status] POST https://firebaserules.googleapis.com/v1/projects/halforfer:test 503
[debug] [2026-08-04T19:42:41.054Z] <<< [apiv2][body] POST https://firebaserules.googleapis.com/v1/projects/halforfer:test {"error":{"code":503,"message":"The service is currently unavailable.","status":"UNAVAILABLE"}}
[error] 
[error] Error: Request to https://firebaserules.googleapis.com/v1/projects/halforfer:test had HTTP Error: 503, The service is currently unavailable.
[debug] [2026-08-04T19:42:41.222Z] Error Context: {
  "body": {
    "error": {
      "code": 503,
      "message": "The service is currently unavailable.",
      "status": "UNAVAILABLE"
    }
  },
  "response": {
    "statusCode": 503
  }
}
